// Jest Snapshot v1, https://goo.gl/fbAQLP

exports[`FilmCard renders correctly 1`] = `
<article
  className="small-movie-card catalog__movies-card"
>
  <div
    className="small-movie-card__image"
    onMouseEnter={[Function]}
    onMouseLeave={[Function]}
  >
    <video
      height="175"
      poster="https://htmlacademy-react-2.appspot.com/wtw/static/film/preview/seven-years-in-tibet.jpg"
      width="280"
    />
  </div>
  <h3
    className="small-movie-card__title"
    onClick={[Function]}
  >
    <a
      className="small-movie-card__link"
      href="movie-page.html"
    >
      Seven Years in Tibet
    </a>
  </h3>
</article>
`;
