// Jest Snapshot v1, https://goo.gl/fbAQLP

exports[`VideoPlayer renders correctly 1`] = `
<video
  height="175"
  muted={true}
  poster="img/fantastic-beasts-the-crimes-of-grindelwald.jpg"
  width="280"
/>
`;
